Archive member included to satisfy reference by file (symbol)

/home/ks/fsl-release-bsp/build-2th-RGBDT-2/tmp/sysroots/imx6qsabresd/usr/lib/arm-poky-linux-gnueabi/5.3.0/libgcc.a(_udivsi3.o)
                              arch/arm/cpu/armv7/built-in.o (__aeabi_uidiv)
/home/ks/fsl-release-bsp/build-2th-RGBDT-2/tmp/sysroots/imx6qsabresd/usr/lib/arm-poky-linux-gnueabi/5.3.0/libgcc.a(_divsi3.o)
                              cmd/built-in.o (__aeabi_idiv)
/home/ks/fsl-release-bsp/build-2th-RGBDT-2/tmp/sysroots/imx6qsabresd/usr/lib/arm-poky-linux-gnueabi/5.3.0/libgcc.a(_lshrdi3.o)
                              fs/built-in.o (__aeabi_llsr)
/home/ks/fsl-release-bsp/build-2th-RGBDT-2/tmp/sysroots/imx6qsabresd/usr/lib/arm-poky-linux-gnueabi/5.3.0/libgcc.a(_ashldi3.o)
                              drivers/mmc/built-in.o (__aeabi_llsl)
/home/ks/fsl-release-bsp/build-2th-RGBDT-2/tmp/sysroots/imx6qsabresd/usr/lib/arm-poky-linux-gnueabi/5.3.0/libgcc.a(_dvmd_lnx.o)
                              /home/ks/fsl-release-bsp/build-2th-RGBDT-2/tmp/sysroots/imx6qsabresd/usr/lib/arm-poky-linux-gnueabi/5.3.0/libgcc.a(_udivsi3.o) (__aeabi_idiv0)

Discarded input sections

 .data          0x0000000000000000        0x0 arch/arm/cpu/armv7/start.o
 .bss           0x0000000000000000        0x0 arch/arm/cpu/armv7/start.o
 .text.v7_outer_cache_enable
                0x0000000000000000        0x4 arch/arm/cpu/armv7/built-in.o
 .text.v7_outer_cache_disable
                0x0000000000000000        0x4 arch/arm/cpu/armv7/built-in.o
 .text.v7_outer_cache_flush_all
                0x0000000000000000        0x4 arch/arm/cpu/armv7/built-in.o
 .text.v7_outer_cache_inval_all
                0x0000000000000000        0x4 arch/arm/cpu/armv7/built-in.o
 .text.v7_outer_cache_flush_range
                0x0000000000000000        0x4 arch/arm/cpu/armv7/built-in.o
 .text.v7_outer_cache_inval_range
                0x0000000000000000        0x4 arch/arm/cpu/armv7/built-in.o
 .text.v7_arch_cp15_set_l2aux_ctrl
                0x0000000000000000        0x8 arch/arm/cpu/armv7/built-in.o
 .text.v7_arch_cp15_set_acr
                0x0000000000000000        0x8 arch/arm/cpu/armv7/built-in.o
 .text.sdelay   0x0000000000000000        0xc arch/arm/cpu/armv7/built-in.o
 .text.wait_on_value
                0x0000000000000000       0x34 arch/arm/cpu/armv7/built-in.o
 .text.board_mmc_get_env_dev
                0x0000000000000000        0x8 arch/arm/cpu/armv7/built-in.o
 .text.get_boot_device
                0x0000000000000000       0x9c arch/arm/cpu/armv7/built-in.o
 .text.set_arm_freq_400M
                0x0000000000000000       0x2c arch/arm/cpu/armv7/built-in.o
 .text.enable_enet_clk
                0x0000000000000000       0x64 arch/arm/cpu/armv7/built-in.o
 .text.enable_uart_clk
                0x0000000000000000       0x54 arch/arm/cpu/armv7/built-in.o
 .text.enable_usdhc_clk
                0x0000000000000000       0x4c arch/arm/cpu/armv7/built-in.o
 .text.enable_spi_clk
                0x0000000000000000       0x44 arch/arm/cpu/armv7/built-in.o
 .data          0x0000000000000000        0x0 arch/arm/cpu/armv7/built-in.o
 .bss           0x0000000000000000        0x0 arch/arm/cpu/armv7/built-in.o
 .text          0x0000000000000000        0x0 arch/arm/imx-common/built-in.o
 .text.get_imx_reset_cause
                0x0000000000000000       0x10 arch/arm/imx-common/built-in.o
 .text.set_chipselect_size
                0x0000000000000000       0x84 arch/arm/imx-common/built-in.o
 .text.mxs_wait_mask_set
                0x0000000000000000       0x3c arch/arm/imx-common/built-in.o
 .text.mxs_wait_mask_clr
                0x0000000000000000       0x3c arch/arm/imx-common/built-in.o
 .text.mxs_reset_block
                0x0000000000000000       0x90 arch/arm/imx-common/built-in.o
 .text.detect_hdmi
                0x0000000000000000       0x18 arch/arm/imx-common/built-in.o
 .data          0x0000000000000000        0x0 arch/arm/imx-common/built-in.o
 .bss           0x0000000000000000        0x0 arch/arm/imx-common/built-in.o
 .text.reset_misc
                0x0000000000000000        0x4 arch/arm/lib/built-in.o
 .text.enable_caches
                0x0000000000000000        0xc arch/arm/lib/built-in.o
 .text.invalidate_dcache_range
                0x0000000000000000        0x4 arch/arm/lib/built-in.o
 .text.flush_dcache_range
                0x0000000000000000        0x4 arch/arm/lib/built-in.o
 .text.flush_dcache_all
                0x0000000000000000        0xc arch/arm/lib/built-in.o
 .text.arm_init_before_mmu
                0x0000000000000000        0x4 arch/arm/lib/built-in.o
 .text.mmu_page_table_flush
                0x0000000000000000        0x4 arch/arm/lib/built-in.o
 .rodata.pl310  0x0000000000000000        0x4 arch/arm/lib/built-in.o
 .data          0x0000000000000000        0x0 arch/arm/lib/built-in.o
 .__secure_start
                0x0000000000000000        0x0 arch/arm/lib/built-in.o
 .__secure_end  0x0000000000000000        0x0 arch/arm/lib/built-in.o
[...]
Memory Configuration

Name             Origin             Length             Attributes
*default*        0x0000000000000000 0xffffffffffffffff

Linker script and memory map

Address of section .text set to 0x17800000
                0x0000000000000000                . = 0x0
                0x0000000000000000                . = ALIGN (0x4)

.text           0x0000000017800000    0x490bc
 *(.__image_copy_start)
 .__image_copy_start
                0x0000000017800000        0x0 arch/arm/lib/built-in.o
                0x0000000017800000                __image_copy_start
 *(.vectors)
 .vectors       0x0000000017800000      0x2e8 arch/arm/lib/built-in.o
                0x0000000017800000                _start
                0x0000000017800020                _undefined_instruction
                0x0000000017800024                _software_interrupt
                0x0000000017800028                _prefetch_abort
                0x000000001780002c                _data_abort
                0x0000000017800030                _not_used
                0x0000000017800034                _irq
                0x0000000017800038                _fiq
                0x0000000017800040                IRQ_STACK_START_IN
 arch/arm/cpu/armv7/start.o(.text*)
 .text          0x00000000178002e8       0xec arch/arm/cpu/armv7/start.o
                0x00000000178002e8                reset
                0x00000000178002ec                save_boot_params_ret
                0x0000000017800328                c_runtime_cpu_setup
                0x0000000017800338                save_boot_params
                0x000000001780033c                cpu_init_cp15
                0x00000000178003cc                cpu_init_crit
 *(.text*)
 .text          0x00000000178003d4       0x24 arch/arm/cpu/armv7/built-in.o
                0x00000000178003d4                lowlevel_init
 .text.v7_maint_dcache_all
                0x00000000178003f8       0xd0 arch/arm/cpu/armv7/built-in.o
 .text.invalidate_icache_all
                0x00000000178004c8       0x18 arch/arm/cpu/armv7/built-in.o
                0x00000000178004c8                invalidate_icache_all
 .text.flush_dcache_all
                0x00000000178004e0       0x14 arch/arm/cpu/armv7/built-in.o
                0x00000000178004e0                flush_dcache_all
 .text.invalidate_dcache_all
                0x00000000178004f4       0x14 arch/arm/cpu/armv7/built-in.o
                0x00000000178004f4                invalidate_dcache_all
 .text.arm_init_before_mmu
                0x0000000017800508       0x28 arch/arm/cpu/armv7/built-in.o
                0x0000000017800508                arm_init_before_mmu
 .text.flush_dcache_range
                0x0000000017800530       0x38 arch/arm/cpu/armv7/built-in.o
                0x0000000017800530                flush_dcache_range
 .text.mmu_page_table_flush
                0x0000000017800568       0x24 arch/arm/cpu/armv7/built-in.o
                0x0000000017800568                mmu_page_table_flush
 .text.invalidate_dcache_range
                0x000000001780058c       0xa8 arch/arm/cpu/armv7/built-in.o
                0x000000001780058c                invalidate_dcache_range
 .text.cpu_cache_initialization
                0x0000000017800634        0x4 arch/arm/cpu/armv7/built-in.o
                0x0000000017800634                cpu_cache_initialization
 .text.cleanup_before_linux_select
                0x0000000017800638       0x4c arch/arm/cpu/armv7/built-in.o
                0x0000000017800638                cleanup_before_linux_select
 .text.cleanup_before_linux
                0x0000000017800684        0x8 arch/arm/cpu/armv7/built-in.o
                0x0000000017800684                cleanup_before_linux
 .text.get_nr_cpus
                0x000000001780068c       0x10 arch/arm/cpu/armv7/built-in.o
                0x000000001780068c                get_nr_cpus
 .text.get_cpu_rev
                0x000000001780069c       0x90 arch/arm/cpu/armv7/built-in.o
                0x000000001780069c                get_cpu_rev
 .text.set_ldo_voltage
                0x000000001780072c       0xd4 arch/arm/cpu/armv7/built-in.o
 .text.get_cpu_speed_grade_hz
                0x0000000017800800      0x128 arch/arm/cpu/armv7/built-in.o
                0x0000000017800800                get_cpu_speed_grade_hz
 .text.get_cpu_temp_grade
                0x0000000017800928       0x68 arch/arm/cpu/armv7/built-in.o
                0x0000000017800928                get_cpu_temp_grade
 .text.get_board_rev
                0x0000000017800990       0x40 arch/arm/cpu/armv7/built-in.o
                0x0000000017800990                get_board_rev
 .text.arch_cpu_init
                0x00000000178009d0      0x368 arch/arm/cpu/armv7/built-in.o
                0x00000000178009d0                arch_cpu_init
 .text.mmc_get_env_dev
                0x0000000017800d38       0x28 arch/arm/cpu/armv7/built-in.o
                0x0000000017800d38                mmc_get_env_dev
 .text.board_mmc_get_env_part
                0x0000000017800d60        0x8 arch/arm/cpu/armv7/built-in.o
                0x0000000017800d60                board_mmc_get_env_part
 .text.mmc_get_env_part
                0x0000000017800d68       0x28 arch/arm/cpu/armv7/built-in.o
                0x0000000017800d68                mmc_get_env_part
 .text.board_postclk_init
                0x0000000017800d90       0x28 arch/arm/cpu/armv7/built-in.o
                0x0000000017800d90                board_postclk_init
 .text.imx_get_mac_from_fuse
                0x0000000017800db8       0xb8 arch/arm/cpu/armv7/built-in.o
                0x0000000017800db8                imx_get_mac_from_fuse
 .text.set_wdog_reset
                0x0000000017800e70       0x18 arch/arm/cpu/armv7/built-in.o
                0x0000000017800e70                set_wdog_reset
 .text.reset_misc
                0x0000000017800e88        0x4 arch/arm/cpu/armv7/built-in.o
                0x0000000017800e88                reset_misc
 .text.s_init   0x0000000017800e8c       0xa8 arch/arm/cpu/armv7/built-in.o
                0x0000000017800e8c                s_init
 .text.imx_enable_hdmi_phy
                0x0000000017800f34       0x4c arch/arm/cpu/armv7/built-in.o
                0x0000000017800f34                imx_enable_hdmi_phy
 .text.imx_setup_hdmi
                0x0000000017800f80       0x78 arch/arm/cpu/armv7/built-in.o
                0x0000000017800f80                imx_setup_hdmi
 .text.check_ldo_bypass
                0x0000000017800ff8       0x78 arch/arm/cpu/armv7/built-in.o
                0x0000000017800ff8                check_ldo_bypass
 .text.check_1_2G
                0x0000000017801070       0x5c arch/arm/cpu/armv7/built-in.o
                0x0000000017801070                check_1_2G
 .text.prep_anatop_bypass
                0x00000000178010cc       0x60 arch/arm/cpu/armv7/built-in.o
                0x00000000178010cc                prep_anatop_bypass
 .text.set_anatop_bypass
                0x000000001780112c       0x50 arch/arm/cpu/armv7/built-in.o
                0x000000001780112c                set_anatop_bypass
 .text.finish_anatop_bypass
                0x000000001780117c       0x24 arch/arm/cpu/armv7/built-in.o
                0x000000001780117c                finish_anatop_bypass
 .text.get_ipg_clk
                0x00000000178011a0       0x28 arch/arm/cpu/armv7/built-in.o
 .text.get_uart_clk
                0x00000000178011c8       0xd8 arch/arm/cpu/armv7/built-in.o
 .text.mxc_get_pll_pfd
                0x00000000178012a0       0xd4 arch/arm/cpu/armv7/built-in.o
 .text.get_usdhc_clk
                0x0000000017801374       0xe8 arch/arm/cpu/armv7/built-in.o
 .text.enable_ocotp_clk
                0x000000001780145c       0x24 arch/arm/cpu/armv7/built-in.o
                0x000000001780145c                enable_ocotp_clk
 .text.enable_usboh3_clk
                0x0000000017801480       0x24 arch/arm/cpu/armv7/built-in.o
                0x0000000017801480                enable_usboh3_clk
 .text.enable_i2c_clk
                0x00000000178014a4       0xd8 arch/arm/cpu/armv7/built-in.o
                0x00000000178014a4                enable_i2c_clk
 .text.get_periph_clk
                0x000000001780157c       0xdc arch/arm/cpu/armv7/built-in.o
                0x000000001780157c                get_periph_clk
 .text.get_axi_clk
                0x0000000017801658       0x4c arch/arm/cpu/armv7/built-in.o
 .text.enable_fec_anatop_clock
                0x00000000178016a4       0xf4 arch/arm/cpu/armv7/built-in.o
                0x00000000178016a4                enable_fec_anatop_clock
 .text.imx_get_uartclk
                0x0000000017801798        0x4 arch/arm/cpu/armv7/built-in.o
                0x0000000017801798                imx_get_uartclk
 .text.enable_thermal_clk
                0x000000001780179c       0x48 arch/arm/cpu/armv7/built-in.o
                0x000000001780179c                enable_thermal_clk
 .text.mxc_get_clock
                0x00000000178017e4      0x4bc arch/arm/cpu/armv7/built-in.o
                0x00000000178017e4                mxc_get_clock
 .text.imx_get_fecclk
                0x0000000017801ca0        0x8 arch/arm/cpu/armv7/built-in.o
                0x0000000017801ca0                imx_get_fecclk
 .text.do_mx6_showclocks
                0x0000000017801ca8      0x24c arch/arm/cpu/armv7/built-in.o
                0x0000000017801ca8                do_mx6_showclocks
 .text.enable_ipu_clock
                0x0000000017801ef4       0x90 arch/arm/cpu/armv7/built-in.o
                0x0000000017801ef4                enable_ipu_clock
 .text.cpu_reset
                0x0000000017801f84       0x28 arch/arm/cpu/armv7/built-in.o
                0x0000000017801f84                cpu_reset
 .text.cpu_status
                0x0000000017801fac       0x40 arch/arm/cpu/armv7/built-in.o
                0x0000000017801fac                cpu_status
 .text.cpu_release
                0x0000000017801fec       0x84 arch/arm/cpu/armv7/built-in.o
                0x0000000017801fec                cpu_release
 .text.is_core_valid
                0x0000000017802070       0x1c arch/arm/cpu/armv7/built-in.o
                0x0000000017802070                is_core_valid
 .text.cpu_disable
                0x000000001780208c       0x28 arch/arm/cpu/armv7/built-in.o
                0x000000001780208c                cpu_disable
 .text.imx_iomux_v3_setup_pad
                0x00000000178020b4       0xfc arch/arm/imx-common/built-in.o
                0x00000000178020b4                imx_iomux_v3_setup_pad
 .text.imx_iomux_v3_setup_multiple_pads
                0x00000000178021b0       0x2c arch/arm/imx-common/built-in.o
                0x00000000178021b0                imx_iomux_v3_setup_multiple_pads
 .text.imx_iomux_set_gpr_register
                0x00000000178021dc       0x3c arch/arm/imx-common/built-in.o
                0x00000000178021dc                imx_iomux_set_gpr_register
 .text.imx_ddr_size
                0x0000000017802218       0x64 arch/arm/imx-common/built-in.o
                0x0000000017802218                imx_ddr_size
 .text.get_imx_type
                0x000000001780227c       0x20 arch/arm/imx-common/built-in.o
                0x000000001780227c                get_imx_type
 .text.print_cpuinfo
                0x000000001780229c      0x228 arch/arm/imx-common/built-in.o
                0x000000001780229c                print_cpuinfo
 .text.cpu_eth_init
                0x00000000178024c4        0x4 arch/arm/imx-common/built-in.o
                0x00000000178024c4                cpu_eth_init
 .text.cpu_mmc_init
                0x00000000178024c8        0x4 arch/arm/imx-common/built-in.o
                0x00000000178024c8                cpu_mmc_init
 .text.get_ahb_clk
                0x00000000178024cc       0x24 arch/arm/imx-common/built-in.o
                0x00000000178024cc                get_ahb_clk
 .text.arch_preboot_os
                0x00000000178024f0       0x14 arch/arm/imx-common/built-in.o
                0x00000000178024f0                arch_preboot_os
 .text.get_clocks
                0x0000000017802504       0x1c arch/arm/imx-common/built-in.o
                0x0000000017802504                get_clocks
 .text.force_idle_bus
                0x0000000017802520      0x1c4 arch/arm/imx-common/built-in.o
                0x0000000017802520                force_idle_bus
 .text.setup_i2c
                0x00000000178026e4       0xe4 arch/arm/imx-common/built-in.o
                0x00000000178026e4                setup_i2c
 .text.enable_caches
                0x00000000178027c8       0x34 arch/arm/imx-common/built-in.o
                0x00000000178027c8                enable_caches
 .text.v7_outer_cache_enable
                0x00000000178027fc       0x74 arch/arm/imx-common/built-in.o
                0x00000000178027fc                v7_outer_cache_enable
 .text.v7_outer_cache_disable
                0x0000000017802870       0x18 arch/arm/imx-common/built-in.o
                0x0000000017802870                v7_outer_cache_disable
 .text.init_aips
                0x0000000017802888       0xc0 arch/arm/imx-common/built-in.o
                0x0000000017802888                init_aips
 .text.imx_set_wdog_powerdown
                0x0000000017802948       0xa0 arch/arm/imx-common/built-in.o
                0x0000000017802948                imx_set_wdog_powerdown
 .text.init_src
                0x00000000178029e8       0x18 arch/arm/imx-common/built-in.o
                0x00000000178029e8                init_src
 .text.boot_mode_apply
                0x0000000017802a00       0x24 arch/arm/imx-common/built-in.o
                0x0000000017802a00                boot_mode_apply
 .text.board_video_skip
                0x0000000017802a24      0x16c arch/arm/imx-common/built-in.o
                0x0000000017802a24                board_video_skip
 .text.timer_init
                0x0000000017802b90      0x198 arch/arm/imx-common/built-in.o
                0x0000000017802b90                timer_init
 .text.timer_read_counter
                0x0000000017802d28       0x10 arch/arm/imx-common/built-in.o
                0x0000000017802d28                timer_read_counter
 .text.get_tbclk
                0x0000000017802d38       0xd0 arch/arm/imx-common/built-in.o
                0x0000000017802d38                get_tbclk
 .text.create_usage
                0x0000000017802e08       0xac arch/arm/imx-common/built-in.o
 .text.do_boot_mode
                0x0000000017802eb4       0xd4 arch/arm/imx-common/built-in.o
 .text.add_board_boot_modes
                0x0000000017802f88       0x60 arch/arm/imx-common/built-in.o
                0x0000000017802f88                add_board_boot_modes
 .text          0x0000000017802fe8       0x90 arch/arm/lib/built-in.o
                0x0000000017802fe8                _main
 .text.relocate_vectors
                0x0000000017803078       0x70 arch/arm/lib/built-in.o
                0x0000000017803078                relocate_vectors
                0x0000000017803084                relocate_code
 .text.arch_fixup_fdt
                0x00000000178030e8       0x38 arch/arm/lib/built-in.o
                0x00000000178030e8                arch_fixup_fdt
 .text.boot_jump_linux
                0x0000000017803120       0xc4 arch/arm/lib/built-in.o
 .text.arch_lmb_reserve
                0x00000000178031e4       0x24 arch/arm/lib/built-in.o
                0x00000000178031e4                arch_lmb_reserve
 .text.setup_board_tags
                0x0000000017803208        0x4 arch/arm/lib/built-in.o
                0x0000000017803208                setup_board_tags
 .text.boot_prep_linux
                0x000000001780320c      0x1d4 arch/arm/lib/built-in.o
 .text.do_bootm_linux
                0x00000000178033e0       0x64 arch/arm/lib/built-in.o
                0x00000000178033e0                do_bootm_linux
 .text.bootz_setup
                0x0000000017803444       0x58 arch/arm/lib/built-in.o
                0x0000000017803444                bootz_setup
 .text.boot_prep_vxworks
                0x000000001780349c       0x50 arch/arm/lib/built-in.o
                0x000000001780349c                boot_prep_vxworks
 .text.boot_jump_vxworks
                0x00000000178034ec        0xc arch/arm/lib/built-in.o
                0x00000000178034ec                boot_jump_vxworks
 .text.pl310_background_op_all_ways
                0x00000000178034f8       0x38 arch/arm/lib/built-in.o
 .text.v7_outer_cache_inval_all
                0x0000000017803530        0xc arch/arm/lib/built-in.o
                0x0000000017803530                v7_outer_cache_inval_all
 .text.v7_outer_cache_flush_all
                0x000000001780353c        0xc arch/arm/lib/built-in.o
                0x000000001780353c                v7_outer_cache_flush_all
 .text.v7_outer_cache_flush_range
                0x0000000017803548       0x30 arch/arm/lib/built-in.o
                0x0000000017803548                v7_outer_cache_flush_range
 .text.v7_outer_cache_inval_range
                0x0000000017803578       0x80 arch/arm/lib/built-in.o
                0x0000000017803578                v7_outer_cache_inval_range
 .text.arch_reserve_stacks
                0x00000000178035f8       0x1c arch/arm/lib/built-in.o
                0x00000000178035f8                arch_reserve_stacks
 .text.interrupt_init
                0x0000000017803614       0x1c arch/arm/lib/built-in.o
                0x0000000017803614                interrupt_init
 .text.enable_interrupts
                0x0000000017803630        0x4 arch/arm/lib/built-in.o
                0x0000000017803630                enable_interrupts
 .text.disable_interrupts
                0x0000000017803634        0x8 arch/arm/lib/built-in.o
                0x0000000017803634                disable_interrupts
 .text.bad_mode
                0x000000001780363c       0x10 arch/arm/lib/built-in.o
                0x000000001780363c                bad_mode
 .text.show_regs
                0x000000001780364c      0x174 arch/arm/lib/built-in.o
                0x000000001780364c                show_regs
 .text.do_undefined_instruction
                0x00000000178037c0       0x20 arch/arm/lib/built-in.o
                0x00000000178037c0                do_undefined_instruction
 .text.do_software_interrupt
                0x00000000178037e0       0x20 arch/arm/lib/built-in.o
                0x00000000178037e0                do_software_interrupt
 .text.do_prefetch_abort
                0x0000000017803800       0x20 arch/arm/lib/built-in.o
                0x0000000017803800                do_prefetch_abort
 .text.do_data_abort
                0x0000000017803820       0x20 arch/arm/lib/built-in.o
                0x0000000017803820                do_data_abort
 .text.do_not_used
                0x0000000017803840       0x20 arch/arm/lib/built-in.o
                0x0000000017803840                do_not_used
 .text.do_fiq   0x0000000017803860       0x20 arch/arm/lib/built-in.o
                0x0000000017803860                do_fiq
 .text.do_irq   0x0000000017803880       0x20 arch/arm/lib/built-in.o
                0x0000000017803880                do_irq
 .text.do_reset
                0x00000000178038a0       0x30 arch/arm/lib/built-in.o
                0x00000000178038a0                do_reset
 .text.flush_cache
                0x00000000178038d0        0x8 arch/arm/lib/built-in.o
                0x00000000178038d0                flush_cache
 .text.cp_delay
                0x00000000178038d8       0x30 arch/arm/lib/built-in.o
 .text.arm_init_domains
                0x0000000017803908        0x4 arch/arm/lib/built-in.o
                0x0000000017803908                arm_init_domains
 .text.set_section_dcache
                0x000000001780390c       0x14 arch/arm/lib/built-in.o
                0x000000001780390c                set_section_dcache
 .text.mmu_set_region_dcache_behaviour
                0x0000000017803920       0x4c arch/arm/lib/built-in.o
                0x0000000017803920                mmu_set_region_dcache_behaviour
 .text.dram_bank_mmu_setup
                0x000000001780396c       0x44 arch/arm/lib/built-in.o
                0x000000001780396c                dram_bank_mmu_setup
 .text.icache_enable
                0x00000000178039b0       0x18 arch/arm/lib/built-in.o
                0x00000000178039b0                icache_enable
 .text.icache_disable
                0x00000000178039c8       0x20 arch/arm/lib/built-in.o
                0x00000000178039c8                icache_disable
 .text.icache_status
                0x00000000178039e8        0xc arch/arm/lib/built-in.o
                0x00000000178039e8                icache_status
 .text.dcache_enable
                0x00000000178039f4       0x7c arch/arm/lib/built-in.o
                0x00000000178039f4                dcache_enable
 .text.dcache_disable
                0x0000000017803a70       0x2c arch/arm/lib/built-in.o
                0x0000000017803a70                dcache_disable
 .text.dcache_status
                0x0000000017803a9c        0xc arch/arm/lib/built-in.o
                0x0000000017803a9c                dcache_status
 .text.pfuze_mode_init
                0x0000000017803aa8       0xd4 board/freescale/common/built-in.o
                0x0000000017803aa8                pfuze_mode_init
 .text.pfuze_common_init
                0x0000000017803b7c      0x10c board/freescale/common/built-in.o
                0x0000000017803b7c                pfuze_common_init
 .text.board_late_mmc_env_init
                0x0000000017803c88       0x9c board/freescale/common/built-in.o
                0x0000000017803c88                board_late_mmc_env_init
 .text.enable_lvds
                0x0000000017803d24       0x14 board/freescale/mx6sabresd/built-in.o
 .text.enable_rgb
                0x0000000017803d38       0x24 board/freescale/mx6sabresd/built-in.o
 .text.do_enable_hdmi
                0x0000000017803d5c       0x18 board/freescale/mx6sabresd/built-in.o
 .text.dram_init
                0x0000000017803d74       0x18 board/freescale/mx6sabresd/built-in.o
                0x0000000017803d74                dram_init
 .text.board_spi_cs_gpio
                0x0000000017803d8c       0x10 board/freescale/mx6sabresd/built-in.o
                0x0000000017803d8c                board_spi_cs_gpio
 .text.board_mmc_get_env_dev
                0x0000000017803d9c        0x8 board/freescale/mx6sabresd/built-in.o
                0x0000000017803d9c                board_mmc_get_env_dev
 .text.mmc_map_to_kernel_blk
                0x0000000017803da4        0x8 board/freescale/mx6sabresd/built-in.o
                0x0000000017803da4                mmc_map_to_kernel_blk
 .text.board_mmc_getcd
                0x0000000017803dac       0x60 board/freescale/mx6sabresd/built-in.o
                0x0000000017803dac                board_mmc_getcd
 .text.board_mmc_init
                0x0000000017803e0c       0xb8 board/freescale/mx6sabresd/built-in.o
                0x0000000017803e0c                board_mmc_init
 .text.mx6_rgmii_rework
                0x0000000017803ec4      0x110 board/freescale/mx6sabresd/built-in.o
                0x0000000017803ec4                mx6_rgmii_rework
 .text.board_phy_config
                0x0000000017803fd4       0x2c board/freescale/mx6sabresd/built-in.o
                0x0000000017803fd4                board_phy_config
 .text.overwrite_console
                0x0000000017804000        0x8 board/freescale/mx6sabresd/built-in.o
                0x0000000017804000                overwrite_console
 .text.board_eth_init
                0x0000000017804008       0x5c board/freescale/mx6sabresd/built-in.o
                0x0000000017804008                board_eth_init
 .text.board_ehci_hcd_init
                0x0000000017804064       0x28 board/freescale/mx6sabresd/built-in.o
                0x0000000017804064                board_ehci_hcd_init
 .text.board_ehci_power
                0x000000001780408c       0x48 board/freescale/mx6sabresd/built-in.o
                0x000000001780408c                board_ehci_power
 .text.board_early_init_f
                0x00000000178040d4       0x8c board/freescale/mx6sabresd/built-in.o
                0x00000000178040d4                board_early_init_f
 .text.board_init
                0x0000000017804160       0xd4 board/freescale/mx6sabresd/built-in.o
                0x0000000017804160                board_init
 .text.power_init_board
                0x0000000017804234      0x254 board/freescale/mx6sabresd/built-in.o
                0x0000000017804234                power_init_board
 .text.ldo_mode_set
                0x0000000017804488      0x2b8 board/freescale/mx6sabresd/built-in.o
                0x0000000017804488                ldo_mode_set
 .text.board_late_init
                0x0000000017804740       0xc0 board/freescale/mx6sabresd/built-in.o
                0x0000000017804740                board_late_init
 .text.checkboard
                0x0000000017804800       0x18 board/freescale/mx6sabresd/built-in.o
                0x0000000017804800                checkboard
 .text.do_go_exec
                0x0000000017804818       0x10 cmd/built-in.o
                0x0000000017804818                do_go_exec
 .text.do_go    0x0000000017804828       0x6c cmd/built-in.o
 .text.do_bootm
                0x0000000017804894      0x10c cmd/built-in.o
                0x0000000017804894                do_bootm
 .text.do_bootd
                0x00000000178049a0       0x20 cmd/built-in.o
                0x00000000178049a0                do_bootd
 .text.image_info
                0x00000000178049c0       0xcc cmd/built-in.o
 .text.do_iminfo
                0x0000000017804a8c       0x5c cmd/built-in.o
 .text.bootm_maybe_autostart
                0x0000000017804ae8       0x78 cmd/built-in.o
                0x0000000017804ae8                bootm_maybe_autostart
 .text.do_bootz
                0x0000000017804b60       0xf8 cmd/built-in.o
                0x0000000017804b60                do_bootz
 .text.do_help  0x0000000017804c58       0x44 cmd/built-in.o
 .text.do_version
                0x0000000017804c9c       0x38 cmd/built-in.o
 .text.source   0x0000000017804cd4       0xd8 cmd/built-in.o
                0x0000000017804cd4                source
 .text.do_source
                0x0000000017804dac       0x44 cmd/built-in.o
 .text.print_num
                0x0000000017804df0       0x14 cmd/built-in.o
 .text.do_bdinfo
                0x0000000017804e04      0x190 cmd/built-in.o
 .text.parse_argv
                0x0000000017804f94       0x64 cmd/built-in.o
 .text.do_icache
                0x0000000017804ff8       0x88 cmd/built-in.o
 .text.do_dcache
                0x0000000017805080       0x88 cmd/built-in.o
 .text.do_coninfo
                0x0000000017805108       0xb0 cmd/built-in.o
 .text.do_echo  0x00000000178051b8       0xb0 cmd/built-in.o
 .text.load_elf_image_shdr
                0x0000000017805268       0x8c cmd/built-in.o
 .text.valid_elf_image
                0x00000000178052f4       0x4c cmd/built-in.o
                0x00000000178052f4                valid_elf_image
 .text.do_bootelf
                0x0000000017805340      0x1b0 cmd/built-in.o
                0x0000000017805340                do_bootelf
 .text.do_bootvx
                0x00000000178054f0      0x330 cmd/built-in.o
                0x00000000178054f0                do_bootvx
 .text.do_exit  0x0000000017805820       0x3c cmd/built-in.o
 .text.do_ext4_size
                0x000000001780585c       0x18 cmd/built-in.o
                0x000000001780585c                do_ext4_size
 .text.do_ext4_load
                0x0000000017805874       0x18 cmd/built-in.o
                0x0000000017805874                do_ext4_load
 .text.do_ext4_ls
                0x000000001780588c       0x18 cmd/built-in.o
                0x000000001780588c                do_ext4_ls
 .text.do_ext4_write
                0x00000000178058a4       0x18 cmd/built-in.o
                0x00000000178058a4                do_ext4_write
 .text.do_ext2load
                0x00000000178058bc       0x18 cmd/built-in.o
                0x00000000178058bc                do_ext2load
 .text.do_ext2ls
                0x00000000178058d4       0x18 cmd/built-in.o
 .text.do_fat_size
                0x00000000178058ec       0x18 cmd/built-in.o
                0x00000000178058ec                do_fat_size
 .text.do_fat_fsload
                0x0000000017805904       0x18 cmd/built-in.o
                0x0000000017805904                do_fat_fsload
 .text.do_fat_ls
                0x000000001780591c       0x18 cmd/built-in.o
 .text.do_fat_fsinfo
                0x0000000017805934       0x90 cmd/built-in.o
 .text.fdt_valid
                0x00000000178059c4       0xbc cmd/built-in.o
 .text.is_printable_string
                0x0000000017805a80       0x9c cmd/built-in.o
 .text.print_data
                0x0000000017805b1c      0x174 cmd/built-in.o
 .text.set_working_fdt_addr
                0x0000000017805c90       0x1c cmd/built-in.o
                0x0000000017805c90                set_working_fdt_addr
 .text.do_fdt   0x0000000017805cac      0xe5c cmd/built-in.o
 .text.do_flerase
                0x0000000017806b08        0x8 cmd/built-in.o
 .text.do_protect
                0x0000000017806b10       0x10 cmd/built-in.o
 .text.do_flinfo
                0x0000000017806b20        0x8 cmd/built-in.o
 .text.do_size_wrapper
                0x0000000017806b28       0x18 cmd/built-in.o
 .text.do_load_wrapper
                0x0000000017806b40       0x18 cmd/built-in.o
 .text.do_save_wrapper
                0x0000000017806b58       0x18 cmd/built-in.o
 .text.do_ls_wrapper
                0x0000000017806b70       0x18 cmd/built-in.o
 .text.do_fstype_wrapper
                0x0000000017806b88        0x4 cmd/built-in.o
 .text.strtou32
                0x0000000017806b8c       0x44 cmd/built-in.o
 .text.do_fuse  0x0000000017806bd0      0x358 cmd/built-in.o
 .text.name_to_gpio
                0x0000000017806f28        0xc cmd/built-in.o
                0x0000000017806f28                name_to_gpio
 .text.do_gpio  0x0000000017806f34      0x154 cmd/built-in.o
 .text.do_i2c   0x0000000017807088       0x68 cmd/built-in.o
 .text.do_i2c_bus_speed
                0x00000000178070f0       0x78 cmd/built-in.o
 .text.do_i2c_reset
                0x0000000017807168       0x2c cmd/built-in.o
 .text.do_i2c_probe
                0x0000000017807194       0x9c cmd/built-in.o
 .text.do_i2c_bus_num
                0x0000000017807230       0xb8 cmd/built-in.o
 .text.do_i2c_show_bus
                0x00000000178072e8       0xd0 cmd/built-in.o
 .text.get_alen.constprop.5
                0x00000000178073b8       0x3c cmd/built-in.o
 .text.do_i2c_crc
                0x00000000178073f4      0x120 cmd/built-in.o
 .text.mod_i2c_mem.isra.3
                0x0000000017807514      0x1f0 cmd/built-in.o
 .text.do_i2c_nm
                0x0000000017807704        0x8 cmd/built-in.o
 .text.do_i2c_mm
                0x000000001780770c        0x8 cmd/built-in.o
 .text.do_i2c_md
                0x0000000017807714      0x1e4 cmd/built-in.o
 .text.do_i2c_read
                0x00000000178078f8       0xbc cmd/built-in.o
 .text.do_i2c_mw
                0x00000000178079b4       0xfc cmd/built-in.o
 .text.do_i2c_write
                0x0000000017807ab0      0x14c cmd/built-in.o
 .text.do_i2c_loop
                0x0000000017807bfc       0xe4 cmd/built-in.o
 .text.i2c_init_board
                0x0000000017807ce0        0x4 cmd/built-in.o
                0x0000000017807ce0                i2c_init_board
 .text.evalexp  0x0000000017807ce4       0x78 cmd/built-in.o
 .text.evalstr  0x0000000017807d5c       0x6c cmd/built-in.o
 .text.binary_test
                0x0000000017807dc8      0x1c0 cmd/built-in.o
 .text.do_itest
                0x0000000017807f88       0x88 cmd/built-in.o
 .text.bin_data_init
                0x0000000017808010       0x2c cmd/built-in.o
 .text.k_data_save
                0x000000001780803c       0x4c cmd/built-in.o
 .text.k_data_restore
                0x0000000017808088       0x4c cmd/built-in.o
 .text.getcxmodem
                0x00000000178080d4       0x20 cmd/built-in.o
 .text.load_serial_ymodem
                0x00000000178080f4       0xcc cmd/built-in.o
 .text.bin_data_char
                0x00000000178081c0       0x2c cmd/built-in.o
 .text.chk1.constprop.1
                0x00000000178081ec       0x2c cmd/built-in.o
 .text.s1_sendpacket.constprop.2
                0x0000000017808218       0x50 cmd/built-in.o
 .text.load_serial
                0x0000000017808268      0x1f0 cmd/built-in.o
 .text.do_load_serial
                0x0000000017808458       0xdc cmd/built-in.o
 .text.do_load_serial_bin
                0x0000000017808534      0x7a4 cmd/built-in.o
 .text.do_mem_mw
                0x0000000017808cd8       0xc0 cmd/built-in.o
 .text.do_mem_loop
                0x0000000017808d98       0xec cmd/built-in.o
 .text.do_mem_md
                0x0000000017808e84       0xe4 cmd/built-in.o
 .text.do_mem_cmp
                0x0000000017808f68      0x168 cmd/built-in.o
 .text.do_mem_base
                0x00000000178090d0       0x40 cmd/built-in.o
 .text.do_mem_cp
                0x0000000017809110       0xd8 cmd/built-in.o
 .text.do_mem_crc
                0x00000000178091e8       0x48 cmd/built-in.o
 .text.do_mem_mtest
                0x0000000017809230      0x224 cmd/built-in.o
 .text.mod_mem.isra.0
                0x0000000017809454      0x16c cmd/built-in.o
 .text.do_mem_mm
                0x00000000178095c0        0x8 cmd/built-in.o
 .text.do_mem_nm
                0x00000000178095c8        0x8 cmd/built-in.o
 .text.extract_range
                0x00000000178095d0       0xe4 cmd/built-in.o
 .text.do_mii   0x00000000178096b4      0x8f0 cmd/built-in.o
 .text.do_mdio  0x0000000017809fa4      0x4ec cmd/built-in.o
 .text.do_sleep
                0x000000001780a490       0x70 cmd/built-in.o
 .text.do_mmcops
                0x000000001780a500       0xb8 cmd/built-in.o
 .text.init_mmc_device
                0x000000001780a5b8       0x54 cmd/built-in.o
 .text.do_mmc_rescan
                0x000000001780a60c       0x24 cmd/built-in.o
 .text.do_mmc_rst_func
                0x000000001780a630       0xa0 cmd/built-in.o
 .text.do_mmc_partconf
                0x000000001780a6d0       0xb4 cmd/built-in.o
 .text.do_mmc_boot_resize
                0x000000001780a784       0xcc cmd/built-in.o
 .text.do_mmc_bootbus
                0x000000001780a850       0xb4 cmd/built-in.o
 .text.do_mmc_hwpartition
                0x000000001780a904      0x510 cmd/built-in.o
 .text.do_mmc_list
                0x000000001780ae14       0x14 cmd/built-in.o
 .text.do_mmc_dev
                0x000000001780ae28      0x134 cmd/built-in.o
 .text.do_mmc_part
                0x000000001780af5c       0x5c cmd/built-in.o
 .text.do_mmc_erase
                0x000000001780afb8       0xe8 cmd/built-in.o
 .text.do_mmc_write
                0x000000001780b0a0      0x100 cmd/built-in.o
 .text.do_mmc_read
                0x000000001780b1a0       0xec cmd/built-in.o
 .text.do_mmcinfo
                0x000000001780b28c      0x370 cmd/built-in.o
 .text.do_mmc_setdsr
                0x000000001780b5fc       0xb0 cmd/built-in.o
 .text.cpu_cmd  0x000000001780b6ac      0x160 cmd/built-in.o
 .text.netboot_common
                0x000000001780b80c      0x294 cmd/built-in.o
 .text.do_bootp
                0x000000001780baa0        0xc cmd/built-in.o
 .text.do_dhcp  0x000000001780baac        0xc cmd/built-in.o
 .text.do_nfs   0x000000001780bab8        0xc cmd/built-in.o
 .text.do_tftpb
                0x000000001780bac4       0x40 cmd/built-in.o
                0x000000001780bac4                do_tftpb
 .text.do_ping  0x000000001780bb04       0x78 cmd/built-in.o
 .text.bytes_per_second
                0x000000001780bb7c       0x50 cmd/built-in.o
 .text.do_spi_flash
                0x000000001780bbcc      0x868 cmd/built-in.o
 .text.substitute
                0x000000001780c434       0xf0 cmd/built-in.o
 .text.get_arg  0x000000001780c524       0x58 cmd/built-in.o
 .text.regex_sub
                0x000000001780c57c      0x450 cmd/built-in.o
 .text.do_setexpr
                0x000000001780c9cc      0x1a0 cmd/built-in.o
 .text.do_false
                0x000000001780cb6c        0x8 cmd/built-in.o
 .text.do_true  0x000000001780cb74        0x8 cmd/built-in.o
 .text.do_test  0x000000001780cb7c      0x338 cmd/built-in.o
 .text.usb_get_class_desc
                0x000000001780ceb4       0xbc cmd/built-in.o
 .text.usb_find_device
                0x000000001780cf70       0x3c cmd/built-in.o
 .text.usb_show_tree_graph
                0x000000001780cfac      0x228 cmd/built-in.o
 .text.usb_display_class_sub
                0x000000001780d1d4      0x170 cmd/built-in.o
 .text.usb_display_string
                0x000000001780d344       0x44 cmd/built-in.o
 .text.usb_display_config
                0x000000001780d388      0x20c cmd/built-in.o
 .text.do_usbboot
                0x000000001780d594        0xc cmd/built-in.o
 .text.usb_display_desc.part.1
                0x000000001780d5a0      0x12c cmd/built-in.o
 .text.do_usb_start
                0x000000001780d6cc       0x38 cmd/built-in.o
 .text.usb_show_tree
                0x000000001780d704       0x54 cmd/built-in.o
                0x000000001780d704                usb_show_tree
 .text.do_usb   0x000000001780d758      0x750 cmd/built-in.o
 .text.ums_read_sector
                0x000000001780dea8       0x20 cmd/built-in.o
 .text.ums_write_sector
                0x000000001780dec8       0x20 cmd/built-in.o
 .text.ums_fini
                0x000000001780dee8       0x60 cmd/built-in.o
 .text.do_usb_mass_storage
                0x000000001780df48      0x33c cmd/built-in.o
                0x000000001780df48                do_usb_mass_storage
 .text.do_imgextract
                0x000000001780e284      0x290 cmd/built-in.o
 .text.do_dfu   0x000000001780e514      0x17c cmd/built-in.o
 .text.do_env_delete
                0x000000001780e690       0x9c cmd/built-in.o
 .text.do_env_exists
                0x000000001780e72c       0x64 cmd/built-in.o
 .text.do_env_save
                0x000000001780e790       0x2c cmd/built-in.o
 .text.do_env   0x000000001780e7bc       0x68 cmd/built-in.o
 .text.env_print
                0x000000001780e824       0xc0 cmd/built-in.o
 .text.do_env_print
                0x000000001780e8e4       0xc4 cmd/built-in.o
 .text.do_env_import
                0x000000001780e9a8      0x284 cmd/built-in.o
 .text.do_env_default
                0x000000001780ec2c       0xa8 cmd/built-in.o
 .text._do_env_set.isra.0
                0x000000001780ecd4      0x1bc cmd/built-in.o
 .text.do_env_set
                0x000000001780ee90       0x20 cmd/built-in.o
 .text.get_env_id
                0x000000001780eeb0       0x10 cmd/built-in.o
                0x000000001780eeb0                get_env_id
 .text.setenv   0x000000001780eec0       0x60 cmd/built-in.o
                0x000000001780eec0                setenv
 .text.setenv_ulong
                0x000000001780ef20       0x20 cmd/built-in.o
                0x000000001780ef20                setenv_ulong
 .text.setenv_hex
                0x000000001780ef40       0x34 cmd/built-in.o
                0x000000001780ef40                setenv_hex
 .text.do_env_export
                0x000000001780ef74      0x258 cmd/built-in.o
 .text.envmatch
                0x000000001780f1cc       0x6c cmd/built-in.o
                0x000000001780f1cc                envmatch
 .text.getenv_f
                0x000000001780f238       0xc0 cmd/built-in.o
                0x000000001780f238                getenv_f
 .text.getenv   0x000000001780f2f8       0x78 cmd/built-in.o
                0x000000001780f2f8                getenv
 .text.getenv_hex
                0x000000001780f370       0x3c cmd/built-in.o
                0x000000001780f370                getenv_hex
 .text.getenv_ulong
                0x000000001780f3ac       0x30 cmd/built-in.o
                0x000000001780f3ac                getenv_ulong
 .text.do_env_edit.part.2
                0x000000001780f3dc       0xa4 cmd/built-in.o
 .text.do_env_edit
                0x000000001780f480       0x2c cmd/built-in.o
 .text.common_diskboot
                0x000000001780f4ac      0x234 cmd/built-in.o
                0x000000001780f4ac                common_diskboot
 .text.board_init_f_alloc_reserve
                0x000000001780f6e0       0x10 common/built-in.o
                0x000000001780f6e0                board_init_f_alloc_reserve
 .text.board_init_f_init_reserve
                0x000000001780f6f0       0x20 common/built-in.o
                0x000000001780f6f0                board_init_f_init_reserve
 .text.show_boot_progress
                0x000000001780f710        0x4 common/built-in.o
                0x000000001780f710                show_boot_progress
 .text.main_loop
                0x000000001780f714       0x20 common/built-in.o
                0x000000001780f714                main_loop
 .text.dummy    0x000000001780f734        0x4 common/built-in.o
 .text.get_version
                0x000000001780f738        0x8 common/built-in.o
                0x000000001780f738                get_version
 .text.jumptable_init
                0x000000001780f740      0x1e0 common/built-in.o
                0x000000001780f740                jumptable_init
 .text.hash_finish_crc32
                0x000000001780f920       0x30 common/built-in.o
 .text.hash_update_crc32
                0x000000001780f950       0x24 common/built-in.o
 .text.hash_init_crc32
                0x000000001780f974       0x24 common/built-in.o
 .text.hash_lookup_algo
                0x000000001780f998       0x28 common/built-in.o
                0x000000001780f998                hash_lookup_algo
 .text.hash_command
                0x000000001780f9c0       0xb4 common/built-in.o
                0x000000001780f9c0                hash_command
 .text.b_reset  0x000000001780fa74       0x1c common/built-in.o
 .text.static_get
                0x000000001780fa90       0x1c common/built-in.o
 .text.file_peek
                0x000000001780faac        0xc common/built-in.o
 .text.mapset   0x000000001780fab8       0x20 common/built-in.o
 .text.syntax_err
                0x000000001780fad8        0xc common/built-in.o
 .text.free_pipe_list
                0x000000001780fae4       0xf4 common/built-in.o
 .text.xmalloc  0x000000001780fbd8       0x20 common/built-in.o
 .text.new_pipe
                0x000000001780fbf8       0x28 common/built-in.o
 .text.xrealloc
                0x000000001780fc20       0x20 common/built-in.o
 .text.done_command
                0x000000001780fc40       0x88 common/built-in.o
 .text.done_pipe
                0x000000001780fcc8       0x48 common/built-in.o
 .text.done_word
                0x000000001780fd10      0x2e4 common/built-in.o
 .text.do_showvar
                0x000000001780fff4       0xf4 common/built-in.o
 .text.is_assignment
                0x00000000178100e8       0x5c common/built-in.o
 .text.file_get
                0x0000000017810144      0x1f0 common/built-in.o
 .text.b_addchr
                0x0000000017810334       0x80 common/built-in.o
 .text.b_addqchr
                0x00000000178103b4       0x50 common/built-in.o
 .text.static_peek
                0x0000000017810404        0xc common/built-in.o
 .text.get_local_var
                0x0000000017810410       0xa0 common/built-in.o
                0x0000000017810410                get_local_var
 .text.set_local_var
                0x00000000178104b0      0x1bc common/built-in.o
                0x00000000178104b0                set_local_var
 .text.insert_var_value_sub
                0x000000001781066c      0x2c0 common/built-in.o
 .text.parse_string_outer
                0x000000001781092c       0xe4 common/built-in.o
                0x000000001781092c                parse_string_outer
 .text.run_list_real
                0x0000000017810a10      0x7b8 common/built-in.o
 .text.parse_stream_outer
                0x00000000178111c8      0x6d0 common/built-in.o
 .text.parse_file_outer
                0x0000000017811898       0x44 common/built-in.o
                0x0000000017811898                parse_file_outer
 .text.u_boot_hush_start
                0x00000000178118dc       0x54 common/built-in.o
                0x00000000178118dc                u_boot_hush_start
 .text.bootdelay_process
                0x0000000017811930       0xd0 common/built-in.o
                0x0000000017811930                bootdelay_process
 .text.autoboot_command
                0x0000000017811a00       0xd0 common/built-in.o
                0x0000000017811a00                autoboot_command
 .text.setup_mon_len
                0x0000000017811ad0       0x20 common/built-in.o
 .text.reserve_round_4k
                0x0000000017811af0       0x18 common/built-in.o
 .text.reserve_mmu
                0x0000000017811b08       0x38 common/built-in.o
 .text.reserve_uboot
                0x0000000017811b40       0x30 common/built-in.o
 .text.reserve_malloc
                0x0000000017811b70       0x18 common/built-in.o
 .text.setup_machine
                0x0000000017811b88       0x14 common/built-in.o
 .text.reserve_global_data
                0x0000000017811b9c       0x1c common/built-in.o
 .text.reserve_fdt
                0x0000000017811bb8       0x4c common/built-in.o
 .text.initf_console_record
                0x0000000017811c04        0x8 common/built-in.o
 .text.arch_cpu_init_dm
                0x0000000017811c0c        0x8 common/built-in.o
                0x0000000017811c0c                arch_cpu_init_dm
 .text.announce_dram_init
                0x0000000017811c14       0x18 common/built-in.o
 .text.init_func_i2c
                0x0000000017811c2c       0x28 common/built-in.o
 .text.init_baud_rate
                0x0000000017811c54       0x2c common/built-in.o
 .text.mark_bootstage
                0x0000000017811c80       0x14 common/built-in.o
 .text.initf_dm
                0x0000000017811c94        0x8 common/built-in.o
 .text.setup_reloc
                0x0000000017811c9c       0x3c common/built-in.o
 .text.reloc_fdt
                0x0000000017811cd8       0x44 common/built-in.o
 .text.reserve_board
                0x0000000017811d1c       0x40 common/built-in.o
 .text.reserve_arch
                0x0000000017811d5c        0x8 common/built-in.o
                0x0000000017811d5c                reserve_arch
 .text.display_text_info
                0x0000000017811d64        0x8 common/built-in.o
 .text.reserve_trace
                0x0000000017811d6c        0x8 common/built-in.o
 .text.display_new_sp
                0x0000000017811d74        0x8 common/built-in.o
 .text.coloured_LED_init
                0x0000000017811d7c        0x4 common/built-in.o
                0x0000000017811d7c                coloured_LED_init
 .text.red_led_on
                0x0000000017811d80        0x4 common/built-in.o
                0x0000000017811d80                red_led_on
 .text.board_add_ram_info
                0x0000000017811d84        0x4 common/built-in.o
                0x0000000017811d84                board_add_ram_info
 .text.show_dram_config
                0x0000000017811d88       0x38 common/built-in.o
 .text.dram_init_banksize
                0x0000000017811dc0       0x20 common/built-in.o
                0x0000000017811dc0                dram_init_banksize
 .text.setup_dram_config
                0x0000000017811de0       0x10 common/built-in.o
 .text.board_get_usable_ram_top
                0x0000000017811df0       0x14 common/built-in.o
                0x0000000017811df0                board_get_usable_ram_top
 .text.board_reserve_ram_top
                0x0000000017811e04        0x4 common/built-in.o
                0x0000000017811e04                board_reserve_ram_top
 .text.setup_dest_addr
                0x0000000017811e08       0x4c common/built-in.o
 .text.reserve_stacks
                0x0000000017811e54       0x1c common/built-in.o
 .text.board_init_f
                0x0000000017811e70       0x28 common/built-in.o
                0x0000000017811e70                board_init_f
 .text.bootstage_relocate
                0x0000000017811e98        0x8 common/built-in.o
 .text.initr_reloc
                0x0000000017811ea0       0x18 common/built-in.o
 .text.initr_reloc_global_data
                0x0000000017811eb8       0x28 common/built-in.o
 .text.initr_announce
                0x0000000017811ee0        0x8 common/built-in.o
 .text.run_main_loop
                0x0000000017811ee8        0xc common/built-in.o
 .text.initr_net
                0x0000000017811ef4       0x1c common/built-in.o
 .text.initr_ethaddr
                0x0000000017811f10       0x20 common/built-in.o
 .text.initr_enable_interrupts
                0x0000000017811f30       0x10 common/built-in.o
 .text.initr_jumptable
                0x0000000017811f40       0x10 common/built-in.o
 .text.initr_env
                0x0000000017811f50       0x30 common/built-in.o
 .text.initr_mmc
                0x0000000017811f80       0x20 common/built-in.o
 .text.initr_serial
                0x0000000017811fa0       0x10 common/built-in.o
 .text.initr_bootstage
                0x0000000017811fb0       0x14 common/built-in.o
 .text.initr_dm
                0x0000000017811fc4       0x14 common/built-in.o
 .text.initr_malloc
                0x0000000017811fd8       0x24 common/built-in.o
 .text.initr_caches
                0x0000000017811ffc       0x10 common/built-in.o
 .text.initr_console_record
                0x000000001781200c        0x8 common/built-in.o
 .text.initr_trace
                0x0000000017812014        0x8 common/built-in.o
 .text.initr_barrier
                0x000000001781201c        0x8 common/built-in.o
 .text.cpu_secondary_init_r
                0x0000000017812024        0x4 common/built-in.o
                0x0000000017812024                cpu_secondary_init_r
 .text.initr_secondary_cpu
                0x0000000017812028       0x10 common/built-in.o
 .text.board_init_r
                0x0000000017812038       0x14 common/built-in.o
                0x0000000017812038                board_init_r
 .text.show_board_info
                0x000000001781204c        0x4 common/built-in.o
                0x000000001781204c                show_board_info
 .text.bootm_find_images
                0x0000000017812050       0xa8 common/built-in.o
                0x0000000017812050                bootm_find_images
 .text.bootm_decomp_image
                0x00000000178120f8      0x14c common/built-in.o
                0x00000000178120f8                bootm_decomp_image
 .text.bootm_disable_interrupts
                0x0000000017812244       0x18 common/built-in.o
                0x0000000017812244                bootm_disable_interrupts
 .text.do_bootm_states
                0x000000001781225c      0x750 common/built-in.o
                0x000000001781225c                do_bootm_states
 .text.copy_args
                0x00000000178129ac       0x50 common/built-in.o
 .text.do_bootm_rtems
                0x00000000178129fc       0x40 common/built-in.o
 .text.do_bootm_plan9
                0x0000000017812a3c       0xa4 common/built-in.o
 .text.do_bootm_standalone
                0x0000000017812ae0       0x64 common/built-in.o
 .text.do_bootm_qnxelf
                0x0000000017812b44       0x5c common/built-in.o
 .text.do_bootm_netbsd
                0x0000000017812ba0       0xf8 common/built-in.o
 .text.do_bootvx_fdt
                0x0000000017812c98      0x118 common/built-in.o
                0x0000000017812c98                do_bootvx_fdt
 .text.do_bootm_vxworks
                0x0000000017812db0       0x24 common/built-in.o
 .text.boot_selected_os
                0x0000000017812dd4       0x58 common/built-in.o
                0x0000000017812dd4                boot_selected_os
 .text.bootm_os_get_boot_func
                0x0000000017812e2c       0x10 common/built-in.o
                0x0000000017812e2c                bootm_os_get_boot_func
 .text.regex_callback
                0x0000000017812e3c      0x134 common/built-in.o
 .text.env_attr_walk
                0x0000000017812f70      0x128 common/built-in.o
                0x0000000017812f70                env_attr_walk
 .text.env_attr_lookup
                0x0000000017813098       0x84 common/built-in.o
                0x0000000017813098                env_attr_lookup
 .text.clear_callback
                0x000000001781311c       0x10 common/built-in.o
 .text.find_env_callback
                0x000000001781312c       0x64 common/built-in.o
 .text.on_callbacks
                0x0000000017813190       0x50 common/built-in.o
 .text.set_callback
                0x00000000178131e0       0x98 common/built-in.o
 .text.env_callback_init
                0x0000000017813278       0xc4 common/built-in.o
                0x0000000017813278                env_callback_init
 .text.skip_num
                0x000000001781333c       0x78 common/built-in.o
 .text.clear_flags
                0x00000000178133b4       0x10 common/built-in.o
 .text.on_flags
                0x00000000178133c4       0x50 common/built-in.o
 .text.env_flags_parse_vartype
                0x0000000017813414       0x50 common/built-in.o
                0x0000000017813414                env_flags_parse_vartype
 .text.env_flags_parse_varaccess
                0x0000000017813464       0x58 common/built-in.o
                0x0000000017813464                env_flags_parse_varaccess
 .text.set_flags
                0x00000000178134bc       0xb0 common/built-in.o
 .text.eth_validate_ethaddr_str
                0x000000001781356c       0x94 common/built-in.o
                0x000000001781356c                eth_validate_ethaddr_str
 .text.env_flags_init
                0x0000000017813600       0xd8 common/built-in.o
                0x0000000017813600                env_flags_init
 .text.env_flags_validate
                0x00000000178136d8      0x2b8 common/built-in.o
                0x00000000178136d8                env_flags_validate
 .text.mmc_get_env_addr
                0x0000000017813990       0x10 common/built-in.o
                0x0000000017813990                mmc_get_env_addr
 .text.fini_mmc_for_env.isra.0
                0x00000000178139a0       0x1c common/built-in.o
 .text.env_init
                0x00000000178139bc       0x1c common/built-in.o
                0x00000000178139bc                env_init
 .text.init_mmc_for_env
                0x00000000178139d8       0x78 common/built-in.o
 .text.saveenv  0x0000000017813a50      0x114 common/built-in.o
                0x0000000017813a50                saveenv
 .text.env_relocate_spec
                0x0000000017813b64       0xe0 common/built-in.o
                0x0000000017813b64                env_relocate_spec
 .text.fdt_find_and_setprop
                0x0000000017813c44       0x70 common/built-in.o
                0x0000000017813c44                fdt_find_and_setprop
 .text.fdt_find_or_add_subnode
                0x0000000017813cb4       0x60 common/built-in.o
                0x0000000017813cb4                fdt_find_or_add_subnode
 .text.fdt_root
                0x0000000017813d14       0x90 common/built-in.o
                0x0000000017813d14                fdt_root
 .text.fdt_initrd
                0x0000000017813da4      0x1cc common/built-in.o
                0x0000000017813da4                fdt_initrd
 .text.fdt_chosen
                0x0000000017813f70       0xa8 common/built-in.o
                0x0000000017813f70                fdt_chosen
 .text.do_fixup_by_path
                0x0000000017814018       0x54 common/built-in.o
                0x0000000017814018                do_fixup_by_path
 .text.fdt_fixup_memory_banks
                0x000000001781406c      0x1b0 common/built-in.o
                0x000000001781406c                fdt_fixup_memory_banks
 .text.fdt_fixup_memory
                0x000000001781421c       0x20 common/built-in.o
                0x000000001781421c                fdt_fixup_memory
 .text.fdt_fixup_ethernet
                0x000000001781423c      0x174 common/built-in.o
                0x000000001781423c                fdt_fixup_ethernet
 .text.fdt_shrink_to_minimum
                0x00000000178143b0       0xcc common/built-in.o
                0x00000000178143b0                fdt_shrink_to_minimum
 .text.miiphy_get_dev_by_name
                0x000000001781447c       0x60 common/built-in.o
                0x000000001781447c                miiphy_get_dev_by_name
 .text.miiphy_init
                0x00000000178144dc       0x24 common/built-in.o
                0x00000000178144dc                miiphy_init
 .text.mdio_alloc
                0x0000000017814500       0x30 common/built-in.o
                0x0000000017814500                mdio_alloc
 .text.mdio_register
                0x0000000017814530       0x94 common/built-in.o
                0x0000000017814530                mdio_register
 .text.mdio_unregister
                0x00000000178145c4       0x3c common/built-in.o
                0x00000000178145c4                mdio_unregister
 .text.mdio_list_devices
                0x0000000017814600       0x98 common/built-in.o
                0x0000000017814600                mdio_list_devices
 .text.miiphy_set_current_dev
                0x0000000017814698       0x40 common/built-in.o
                0x0000000017814698                miiphy_set_current_dev
 .text.miiphy_get_active_dev
                0x00000000178146d8       0x54 common/built-in.o
 .text.mdio_get_current_dev
                0x000000001781472c       0x10 common/built-in.o
                0x000000001781472c                mdio_get_current_dev
 .text.mdio_phydev_for_ethname
                0x000000001781473c       0x88 common/built-in.o
                0x000000001781473c                mdio_phydev_for_ethname
 .text.miiphy_get_current_dev
                0x00000000178147c4       0x18 common/built-in.o
                0x00000000178147c4                miiphy_get_current_dev
 .text.miiphy_read
                0x00000000178147dc       0x4c common/built-in.o
                0x00000000178147dc                miiphy_read
 .text.miiphy_write
                0x0000000017814828       0x40 common/built-in.o
                0x0000000017814828                miiphy_write
 .text.miiphy_listdev
                0x0000000017814868       0x74 common/built-in.o
                0x0000000017814868                miiphy_listdev
 .text.miiphy_info
                0x00000000178148dc       0x88 common/built-in.o
                0x00000000178148dc                miiphy_info
 .text.miiphy_speed
                0x0000000017814964       0x94 common/built-in.o
                0x0000000017814964                miiphy_speed
 .text.miiphy_duplex
                0x00000000178149f8       0x94 common/built-in.o
                0x00000000178149f8                miiphy_duplex
 .text.miiphy_is_1000base_x
                0x0000000017814a8c        0x8 common/built-in.o
                0x0000000017814a8c                miiphy_is_1000base_x
 .text.usb_set_maxpacket_ep
                0x0000000017814a94       0x70 common/built-in.o
 .text.usb_stop
                0x0000000017814b04       0x64 common/built-in.o
                0x0000000017814b04                usb_stop
 .text.usb_disable_asynch
                0x0000000017814b68       0x20 common/built-in.o
                0x0000000017814b68                usb_disable_asynch
 .text.usb_control_msg
                0x0000000017814b88       0xc0 common/built-in.o
                0x0000000017814b88                usb_control_msg
 .text.usb_get_descriptor
                0x0000000017814c48       0x58 common/built-in.o
 .text.get_descriptor_len
                0x0000000017814ca0       0x90 common/built-in.o
 .text.usb_get_string
                0x0000000017814d30       0x70 common/built-in.o
 .text.usb_string_sub
                0x0000000017814da0      0x108 common/built-in.o
 .text.usb_bulk_msg
                0x0000000017814ea8       0x70 common/built-in.o
                0x0000000017814ea8                usb_bulk_msg
 .text.usb_maxpacket
                0x0000000017814f18       0x1c common/built-in.o
                0x0000000017814f18                usb_maxpacket
 .text.usb_clear_halt
                0x0000000017814f34       0x90 common/built-in.o
                0x0000000017814f34                usb_clear_halt
 .text.usb_get_configuration_len
                0x0000000017814fc4       0x74 common/built-in.o
                0x0000000017814fc4                usb_get_configuration_len
 .text.usb_get_configuration_no
                0x0000000017815038       0x34 common/built-in.o
                0x0000000017815038                usb_get_configuration_no
 .text.usb_set_interface
                0x000000001781506c       0xb4 common/built-in.o
                0x000000001781506c                usb_set_interface
 .text.usb_string
                0x0000000017815120      0x100 common/built-in.o
                0x0000000017815120                usb_string
 .text.usb_get_dev_index
                0x0000000017815220       0x24 common/built-in.o
                0x0000000017815220                usb_get_dev_index
 .text.usb_alloc_new_device
                0x0000000017815244       0x9c common/built-in.o
                0x0000000017815244                usb_alloc_new_device
 .text.usb_free_device
                0x00000000178152e0       0x48 common/built-in.o
                0x00000000178152e0                usb_free_device
 .text.usb_alloc_device
                0x0000000017815328        0x8 common/built-in.o
                0x0000000017815328                usb_alloc_device
 .text.usb_select_config
                0x0000000017815330      0x458 common/built-in.o
                0x0000000017815330                usb_select_config
 .text.usb_setup_device
                0x0000000017815788      0x19c common/built-in.o
                0x0000000017815788                usb_setup_device
 .text.usb_new_device
                0x0000000017815924       0x34 common/built-in.o
                0x0000000017815924                usb_new_device
 .text.usb_init
                0x0000000017815958      0x148 common/built-in.o
                0x0000000017815958                usb_init
 .text.board_usb_init
                0x0000000017815aa0        0x8 common/built-in.o
                0x0000000017815aa0                board_usb_init
 .text.board_usb_cleanup
                0x0000000017815aa8        0x8 common/built-in.o
                0x0000000017815aa8                board_usb_cleanup
 .text.usb_device_has_child_on_port
                0x0000000017815ab0       0x14 common/built-in.o
                0x0000000017815ab0                usb_device_has_child_on_port
 .text.usb_find_usb2_hub_address_port
                0x0000000017815ac4       0x5c common/built-in.o
                0x0000000017815ac4                usb_find_usb2_hub_address_port
 .text.usb_set_port_feature
                0x0000000017815b20       0x4c common/built-in.o
 .text.usb_clear_port_feature
                0x0000000017815b6c       0x4c common/built-in.o
 .text.usb_get_hub_descriptor
                0x0000000017815bb8       0x4c common/built-in.o
 .text.usb_hub_power_on
                0x0000000017815c04       0x6c common/built-in.o
 .text.usb_hub_reset_devices
                0x0000000017815c70        0x4 common/built-in.o
                0x0000000017815c70                usb_hub_reset_devices
 .text.usb_get_port_status
                0x0000000017815c74       0x4c common/built-in.o
                0x0000000017815c74                usb_get_port_status
 .text.usb_hub_reset
                0x0000000017815cc0       0x14 common/built-in.o
                0x0000000017815cc0                usb_hub_reset
 .text.legacy_hub_port_reset
                0x0000000017815cd4       0xa0 common/built-in.o
                0x0000000017815cd4                legacy_hub_port_reset
 .text.usb_hub_port_connect_change
                0x0000000017815d74      0x16c common/built-in.o
                0x0000000017815d74                usb_hub_port_connect_change
 .text.usb_hub_configure
                0x0000000017815ee0      0x2c8 common/built-in.o
 .text.usb_hub_probe
                0x00000000178161a8       0x54 common/built-in.o
                0x00000000178161a8                usb_hub_probe
 .text.usb_stor_irq
                0x00000000178161fc       0x1c common/built-in.o
 .text.usb_stor_BBB_reset
                0x0000000017816218       0xd0 common/built-in.o
 .text.usb_stor_CB_reset
                0x00000000178162e8       0xd0 common/built-in.o
 .text.usb_stor_BBB_clear_endpt_stall.isra.0
                0x00000000178163b8       0x40 common/built-in.o
 .text.usb_stor_BBB_transport
                0x00000000178163f8      0x25c common/built-in.o
 .text.usb_stor_CB_comdat
                0x0000000017816654      0x204 common/built-in.o
 .text.usb_stor_CBI_get_status.isra.2
                0x0000000017816858       0xc8 common/built-in.o
 .text.usb_stor_CB_transport
                0x0000000017816920      0x228 common/built-in.o
 .text.usb_request_sense.constprop.8
                0x0000000017816b48       0x70 common/built-in.o
 .text.usb_stor_read
                0x0000000017816bb8      0x188 common/built-in.o
 .text.usb_stor_write
                0x0000000017816d40      0x188 common/built-in.o
 .text.usb_stor_get_dev
                0x0000000017816ec8       0x28 common/built-in.o
                0x0000000017816ec8                usb_stor_get_dev
 .text.usb_stor_info
                0x0000000017816ef0       0x74 common/built-in.o
                0x0000000017816ef0                usb_stor_info
 .text.usb_storage_probe
                0x0000000017816f64      0x204 common/built-in.o
                0x0000000017816f64                usb_storage_probe
 .text.usb_stor_get_info
                0x0000000017817168      0x31c common/built-in.o
                0x0000000017817168                usb_stor_get_info
 .text.usb_stor_scan
                0x0000000017817484      0x1f8 common/built-in.o
                0x0000000017817484                usb_stor_scan
 .text.splash_screen_prepare
                0x000000001781767c        0x8 common/built-in.o
                0x000000001781767c                splash_screen_prepare
 .text.splash_get_pos
                0x0000000017817684       0x88 common/built-in.o
                0x0000000017817684                splash_get_pos
 .text.env_get_char_spec
                0x000000001781770c        0xc common/built-in.o
                0x000000001781770c                env_get_char_spec
 .text.env_get_addr
                0x0000000017817718       0x20 common/built-in.o
                0x0000000017817718                env_get_addr
 .text.env_get_char_memory
                0x0000000017817738       0x10 common/built-in.o
                0x0000000017817738                env_get_char_memory
 .text.env_get_char
                0x0000000017817748       0x30 common/built-in.o
                0x0000000017817748                env_get_char
 .text.getenv_yesno
                0x0000000017817778       0x40 common/built-in.o
                0x0000000017817778                getenv_yesno
 .text.getenv_default
                0x00000000178177b8       0x30 common/built-in.o
                0x00000000178177b8                getenv_default
 .text.set_default_env
                0x00000000178177e8       0xc0 common/built-in.o
                0x00000000178177e8                set_default_env
 .text.set_default_vars
                0x00000000178178a8       0x38 common/built-in.o
                0x00000000178178a8                set_default_vars
 .text.env_import
                0x00000000178178e0       0xdc common/built-in.o
                0x00000000178178e0                env_import
 .text.env_export
                0x00000000178179bc       0xa0 common/built-in.o
                0x00000000178179bc                env_export
 .text.env_relocate
                0x0000000017817a5c       0x2c common/built-in.o
                0x0000000017817a5c                env_relocate
 .text.env_complete
                0x0000000017817a88       0xf0 common/built-in.o
                0x0000000017817a88                env_complete
 .text.console_setfile
                0x0000000017817b78       0xc0 common/built-in.o
 .text.serial_printf
                0x0000000017817c38       0x44 common/built-in.o
                0x0000000017817c38                serial_printf
 .text.putc     0x0000000017817c7c       0x34 common/built-in.o
                0x0000000017817c7c                putc
 .text.puts     0x0000000017817cb0       0x34 common/built-in.o
                0x0000000017817cb0                puts
 .text.fgetc    0x0000000017817ce4       0x24 common/built-in.o
                0x0000000017817ce4                fgetc
 .text.getc     0x0000000017817d08       0x24 common/built-in.o
                0x0000000017817d08                getc
 .text.ftstc    0x0000000017817d2c       0x24 common/built-in.o
                0x0000000017817d2c                ftstc
 .text.tstc     0x0000000017817d50       0x24 common/built-in.o
                0x0000000017817d50                tstc
 .text.ctrlc    0x0000000017817d74       0x58 common/built-in.o
                0x0000000017817d74                ctrlc
 .text.confirm_yesno
                0x0000000017817dcc       0xd4 common/built-in.o
                0x0000000017817dcc                confirm_yesno
 .text.had_ctrlc
                0x0000000017817ea0       0x10 common/built-in.o
                0x0000000017817ea0                had_ctrlc
 .text.clear_ctrlc
                0x0000000017817eb0       0x14 common/built-in.o
                0x0000000017817eb0                clear_ctrlc
 .text.search_device
                0x0000000017817ec4       0x28 common/built-in.o
                0x0000000017817ec4                search_device
 .text.console_assign
                0x0000000017817eec       0x48 common/built-in.o
                0x0000000017817eec                console_assign
 .text.on_console
                0x0000000017817f34       0xb8 common/built-in.o
 .text.console_init_f
                0x0000000017817fec       0x10 common/built-in.o
                0x0000000017817fec                console_init_f
 .text.stdio_print_current_devices
                0x0000000017817ffc       0xb0 common/built-in.o
                0x0000000017817ffc                stdio_print_current_devices
 .text.console_init_r
                0x00000000178180ac      0x194 common/built-in.o
                0x00000000178180ac                console_init_r
 .text.sbrk     0x0000000017818240       0x6c common/built-in.o
                0x0000000017818240                sbrk
 .text.mem_malloc_init
                0x00000000178182ac       0x34 common/built-in.o
                0x00000000178182ac                mem_malloc_init
 .text.malloc_trim
                0x00000000178182e0       0xcc common/built-in.o
                0x00000000178182e0                malloc_trim
 .text.free     0x00000000178183ac      0x24c common/built-in.o
                0x00000000178183ac                free
 .text.malloc   0x00000000178185f8      0x628 common/built-in.o
                0x00000000178185f8                malloc
 .text.calloc   0x0000000017818c20      0x144 common/built-in.o
                0x0000000017818c20                calloc
 .text.realloc  0x0000000017818d64      0x4e0 common/built-in.o
                0x0000000017818d64                realloc
 .text.memalign
                0x0000000017819244      0x140 common/built-in.o
                0x0000000017819244                memalign
 .text.initf_malloc
                0x0000000017819384       0x18 common/built-in.o
                0x0000000017819384                initf_malloc
 .text.malloc_simple
                0x000000001781939c       0x30 common/built-in.o
                0x000000001781939c                malloc_simple
 .text.on_loadaddr
                0x00000000178193cc       0x38 common/built-in.o
 .text.image_check_hcrc
                0x0000000017819404       0x4c common/built-in.o
                0x0000000017819404                image_check_hcrc
 .text.image_check_dcrc
                0x0000000017819450       0x38 common/built-in.o
                0x0000000017819450                image_check_dcrc
 .text.image_multi_count
                0x0000000017819488       0x1c common/built-in.o
                0x0000000017819488                image_multi_count
 .text.image_multi_getimg
                0x00000000178194a4       0x80 common/built-in.o
                0x00000000178194a4                image_multi_getimg
 .text.getenv_bootm_low
                0x0000000017819524       0x30 common/built-in.o
                0x0000000017819524                getenv_bootm_low
 .text.getenv_bootm_size
                0x0000000017819554       0x68 common/built-in.o
                0x0000000017819554                getenv_bootm_size
 .text.getenv_bootm_mapsize
                0x00000000178195bc       0x30 common/built-in.o
                0x00000000178195bc                getenv_bootm_mapsize
 .text.memmove_wd
                0x00000000178195ec        0xc common/built-in.o
                0x00000000178195ec                memmove_wd
 .text.genimg_print_size
                0x00000000178195f8       0x30 common/built-in.o
                0x00000000178195f8                genimg_print_size
 .text.get_table_entry
                0x0000000017819628       0x24 common/built-in.o
                0x0000000017819628                get_table_entry
 .text.get_table_entry_name
                0x000000001781964c       0x20 common/built-in.o
                0x000000001781964c                get_table_entry_name
 .text.genimg_get_os_name
                0x000000001781966c       0x18 common/built-in.o
                0x000000001781966c                genimg_get_os_name
 .text.genimg_get_arch_name
                0x0000000017819684       0x18 common/built-in.o
                0x0000000017819684                genimg_get_arch_name
 .text.genimg_get_type_name
                0x000000001781969c       0x18 common/built-in.o
                0x000000001781969c                genimg_get_type_name
 .text.genimg_get_comp_name
                0x00000000178196b4       0x18 common/built-in.o
                0x00000000178196b4                genimg_get_comp_name
 .text.image_print_contents
                0x00000000178196cc      0x178 common/built-in.o
                0x00000000178196cc                image_print_contents
 .text.genimg_get_kernel_addr_fit
                0x0000000017819844       0x24 common/built-in.o
                0x0000000017819844                genimg_get_kernel_addr_fit
 .text.genimg_get_format
                0x0000000017819868       0x34 common/built-in.o
                0x0000000017819868                genimg_get_format
 .text.genimg_get_image
                0x000000001781989c        0x4 common/built-in.o
                0x000000001781989c                genimg_get_image
 .text.genimg_has_config
                0x00000000178198a0        0x8 common/built-in.o
                0x00000000178198a0                genimg_has_config
 .text.boot_get_ramdisk
                0x00000000178198a8      0x274 common/built-in.o
                0x00000000178198a8                boot_get_ramdisk
 .text.boot_ramdisk_high
                0x0000000017819b1c      0x144 common/built-in.o
                0x0000000017819b1c                boot_ramdisk_high
 .text.boot_get_setup
                0x0000000017819c60        0x8 common/built-in.o
                0x0000000017819c60                boot_get_setup
 .text.image_setup_linux
                0x0000000017819c68       0x8c common/built-in.o
                0x0000000017819c68                image_setup_linux
 .text.fdt_error
                0x0000000017819cf4       0x2c common/built-in.o
 .text.boot_fdt_add_mem_rsv_regions
                0x0000000017819d20       0x88 common/built-in.o
                0x0000000017819d20                boot_fdt_add_mem_rsv_regions
 .text.boot_relocate_fdt
                0x0000000017819da8      0x198 common/built-in.o
                0x0000000017819da8                boot_relocate_fdt
 .text.boot_get_fdt
                0x0000000017819f40      0x2ac common/built-in.o
                0x0000000017819f40                boot_get_fdt
 .text.ft_verify_fdt
                0x000000001781a1ec        0x8 common/built-in.o
                0x000000001781a1ec                ft_verify_fdt
 .text.image_setup_libfdt
                0x000000001781a1f4      0x100 common/built-in.o
                0x000000001781a1f4                image_setup_libfdt
 .text.get_effective_memsize
                0x000000001781a2f4        0x8 common/built-in.o
                0x000000001781a2f4                get_effective_memsize
 .text.nulldev_putc
                0x000000001781a2fc        0x4 common/built-in.o
 .text.nulldev_puts
                0x000000001781a300        0x4 common/built-in.o
 .text.nulldev_input
                0x000000001781a304        0x8 common/built-in.o
 .text.stdio_serial_tstc
                0x000000001781a30c        0x4 common/built-in.o
 .text.stdio_serial_getc
                0x000000001781a310        0x4 common/built-in.o
 .text.stdio_serial_puts
                0x000000001781a314        0x8 common/built-in.o
 .text.stdio_serial_putc
                0x000000001781a31c        0x8 common/built-in.o
 .text.stdio_get_list
                0x000000001781a324        0xc common/built-in.o
                0x000000001781a324                stdio_get_list
 .text.stdio_get_by_name
                0x000000001781a330       0x5c common/built-in.o
                0x000000001781a330                stdio_get_by_name
 .text.stdio_clone
                0x000000001781a38c       0x38 common/built-in.o
                0x000000001781a38c                stdio_clone
 .text.stdio_register_dev
                0x000000001781a3c4       0x50 common/built-in.o
                0x000000001781a3c4                stdio_register_dev
 .text.stdio_register
                0x000000001781a414        0x8 common/built-in.o
                0x000000001781a414                stdio_register
 .text.stdio_init_tables
                0x000000001781a41c       0x1c common/built-in.o
                0x000000001781a41c                stdio_init_tables
 .text.stdio_add_devices
                0x000000001781a438       0xd4 common/built-in.o
                0x000000001781a438                stdio_add_devices
 .text.run_command
                0x000000001781a50c       0x10 common/built-in.o
                0x000000001781a50c                run_command
 .text.run_command_list
                0x000000001781a51c       0x7c common/built-in.o
                0x000000001781a51c                run_command_list
 .text.do_run   0x000000001781a598       0x78 common/built-in.o
                0x000000001781a598                do_run
 .text.cli_loop
                0x000000001781a610        0xc common/built-in.o
                0x000000001781a610                cli_loop
 .text.cli_init
                0x000000001781a61c        0x4 common/built-in.o
                0x000000001781a61c                cli_init
 .text.delete_char.part.0
                0x000000001781a620       0xd0 common/built-in.o
 .text.cread_add_char
                0x000000001781a6f0       0xe8 common/built-in.o
 .text.cli_readline_into_buffer
                0x000000001781a7d8      0x9c0 common/built-in.o
                0x000000001781a7d8                cli_readline_into_buffer
 .text.cli_readline
                0x000000001781b198       0x14 common/built-in.o
                0x000000001781b198                cli_readline
 .text.find_cmd_tbl
                0x000000001781b1ac       0xa4 common/built-in.o
                0x000000001781b1ac                find_cmd_tbl
 .text.find_cmd
                0x000000001781b250       0x28 common/built-in.o
                0x000000001781b250                find_cmd
 .text.cmd_usage
                0x000000001781b278       0x5c common/built-in.o
                0x000000001781b278                cmd_usage
 .text._do_help
                0x000000001781b2d4      0x178 common/built-in.o
                0x000000001781b2d4                _do_help
 .text.var_complete
                0x000000001781b44c       0x84 common/built-in.o
                0x000000001781b44c                var_complete
 .text.cmd_auto_complete
                0x000000001781b4d0      0x4b4 common/built-in.o
                0x000000001781b4d0                cmd_auto_complete
 .text.cmd_get_data_size
                0x000000001781b984       0x5c common/built-in.o
                0x000000001781b984                cmd_get_data_size
 .text.cmd_process
                0x000000001781b9e0       0xec common/built-in.o
                0x000000001781b9e0                cmd_process
 .text.cmd_process_error
                0x000000001781bacc       0x30 common/built-in.o
                0x000000001781bacc                cmd_process_error
 .text.hex1_bin
                0x000000001781bafc       0x40 common/built-in.o
 .text.hex2_bin
                0x000000001781bb3c       0x38 common/built-in.o
 .text.srec_decode
                0x000000001781bb74      0x254 common/built-in.o
                0x000000001781bb74                srec_decode
 .text.CYGACC_COMM_IF_GETC_TIMEOUT.isra.0
                0x000000001781bdc8       0x5c common/built-in.o
 .text.xyzModem_flush
                0x000000001781be24       0x1c common/built-in.o
 .text.xyzModem_get_hdr
                0x000000001781be40      0x230 common/built-in.o
 .text.xyzModem_stream_open
                0x000000001781c070      0x224 common/built-in.o
                0x000000001781c070                xyzModem_stream_open
 .text.xyzModem_stream_read
                0x000000001781c294      0x254 common/built-in.o
                0x000000001781c294                xyzModem_stream_read
 .text.xyzModem_stream_close
                0x000000001781c4e8       0x54 common/built-in.o
                0x000000001781c4e8                xyzModem_stream_close
 .text.xyzModem_stream_terminate
                0x000000001781c53c       0x94 common/built-in.o
                0x000000001781c53c                xyzModem_stream_terminate
 .text.xyzModem_error
                0x000000001781c5d0       0x20 common/built-in.o
                0x000000001781c5d0                xyzModem_error
 .text.get_dev_hwpart
                0x000000001781c5f0       0xa8 disk/built-in.o
 .text.dev_print
                0x000000001781c698      0x20c disk/built-in.o
                0x000000001781c698                dev_print
 .text.init_part
                0x000000001781c8a4       0x20 disk/built-in.o
                0x000000001781c8a4                init_part
 .text.print_part
                0x000000001781c8c4       0xf4 disk/built-in.o
                0x000000001781c8c4                print_part
 .text.get_partition_info
                0x000000001781c9b8       0x2c disk/built-in.o
                0x000000001781c9b8                get_partition_info
 .text.get_device
                0x000000001781c9e4      0x128 disk/built-in.o
                0x000000001781c9e4                get_device
 .text.get_device_and_partition
                0x000000001781cb0c      0x3f8 disk/built-in.o
                0x000000001781cb0c                get_device_and_partition
 .text.test_block_type
                0x000000001781cf04       0x84 disk/built-in.o
 .text.print_partition_extended
                0x000000001781cf88      0x274 disk/built-in.o
 .text.get_partition_info_extended.constprop.1
                0x000000001781d1fc      0x2fc disk/built-in.o
 .text.test_part_dos
                0x000000001781d4f8       0x60 disk/built-in.o
                0x000000001781d4f8                test_part_dos
 .text.print_part_dos
                0x000000001781d558       0x34 disk/built-in.o
                0x000000001781d558                print_part_dos
 .text.get_partition_info_dos
                0x000000001781d58c       0x20 disk/built-in.o
                0x000000001781d58c                get_partition_info_dos
 .text.alloc_priv
                0x000000001781d5ac       0x48 drivers/built-in.o
 .text.device_bind
                0x000000001781d5f4      0x304 drivers/built-in.o
                0x000000001781d5f4                device_bind
 .text.device_bind_by_name
                0x000000001781d8f8       0x60 drivers/built-in.o
                0x000000001781d8f8                device_bind_by_name
 .text.device_probe
                0x000000001781d958      0x234 drivers/built-in.o
                0x000000001781d958                device_probe
 .text.dev_get_platdata
                0x000000001781db8c       0x34 drivers/built-in.o
                0x000000001781db8c                dev_get_platdata
 .text.dev_get_priv
                0x000000001781dbc0       0x34 drivers/built-in.o
                0x000000001781dbc0                dev_get_priv
 .text.lists_driver_lookup_name
                0x000000001781dbf4       0x4c drivers/built-in.o
                0x000000001781dbf4                lists_driver_lookup_name
 .text.lists_uclass_lookup
                0x000000001781dc40       0x3c drivers/built-in.o
                0x000000001781dc40                lists_uclass_lookup
 .text.lists_bind_drivers
                0x000000001781dc7c       0x88 drivers/built-in.o
                0x000000001781dc7c                lists_bind_drivers
 .text.dm_root  0x000000001781dd04       0x2c drivers/built-in.o
                0x000000001781dd04                dm_root
 .text.dm_init  0x000000001781dd30       0x58 drivers/built-in.o
                0x000000001781dd30                dm_init
 .text.dm_scan_platdata
                0x000000001781dd88       0x2c drivers/built-in.o
                0x000000001781dd88                dm_scan_platdata
 .text.dm_scan_other
                0x000000001781ddb4        0x8 drivers/built-in.o
                0x000000001781ddb4                dm_scan_other
 .text.dm_init_and_scan
                0x000000001781ddbc       0x30 drivers/built-in.o
                0x000000001781ddbc                dm_init_and_scan
 .text.uclass_find
                0x000000001781ddec       0x4c drivers/built-in.o
                0x000000001781ddec                uclass_find
 .text.uclass_get
                0x000000001781de38      0x124 drivers/built-in.o
                0x000000001781de38                uclass_get
 .text.uclass_find_device
                0x000000001781df5c       0x74 drivers/built-in.o
                0x000000001781df5c                uclass_find_device
 .text.uclass_find_device_by_seq
                0x000000001781dfd0       0x7c drivers/built-in.o
                0x000000001781dfd0                uclass_find_device_by_seq
 .text.uclass_get_device_tail
                0x000000001781e04c       0x2c drivers/built-in.o
                0x000000001781e04c                uclass_get_device_tail
 .text.uclass_get_device
                0x000000001781e078       0x30 drivers/built-in.o
                0x000000001781e078                uclass_get_device
 .text.uclass_bind_device
                0x000000001781e0a8       0x7c drivers/built-in.o
                0x000000001781e0a8                uclass_bind_device
 .text.uclass_unbind_device
                0x000000001781e124       0x4c drivers/built-in.o
                0x000000001781e124                uclass_unbind_device
 .text.uclass_resolve_seq
                0x000000001781e170       0xb0 drivers/built-in.o
                0x000000001781e170                uclass_resolve_seq
 .text.uclass_pre_probe_device
                0x000000001781e220       0x64 drivers/built-in.o
                0x000000001781e220                uclass_pre_probe_device
 .text.uclass_post_probe_device
                0x000000001781e284       0x20 drivers/built-in.o
                0x000000001781e284                uclass_post_probe_device
 .text.uclass_pre_remove_device
                0x000000001781e2a4       0x20 drivers/built-in.o
                0x000000001781e2a4                uclass_pre_remove_device
 .text.dm_warn  0x000000001781e2c4       0x28 drivers/built-in.o
                0x000000001781e2c4                dm_warn
 .text.device_free
                0x000000001781e2ec       0x90 drivers/built-in.o
                0x000000001781e2ec                device_free
 .text.device_remove
                0x000000001781e37c      0x138 drivers/built-in.o
                0x000000001781e37c                device_remove
 .text.show_devices
                0x000000001781e4b4       0xfc drivers/built-in.o
 .text.dm_dump_all
                0x000000001781e5b0       0x3c drivers/built-in.o
                0x000000001781e5b0                dm_dump_all
 .text.dm_dump_uclass
                0x000000001781e5ec       0xdc drivers/built-in.o
                0x000000001781e5ec                dm_dump_uclass
 .text.finish_access
                0x000000001781e6c8       0x2c drivers/built-in.o
 .text.setup_direct_access
                0x000000001781e6f4      0x120 drivers/built-in.o
 .text.prepare_access
                0x000000001781e814       0xcc drivers/built-in.o
 .text.fuse_bank_physical
                0x000000001781e8e0       0xd4 drivers/built-in.o
                0x000000001781e8e0                fuse_bank_physical
 .text.fuse_word_physical
                0x000000001781e9b4       0x40 drivers/built-in.o
                0x000000001781e9b4                fuse_word_physical
 .text.fuse_read
                0x000000001781e9f4       0x80 drivers/built-in.o
                0x000000001781e9f4                fuse_read
 .text.fuse_sense
                0x000000001781ea74       0x94 drivers/built-in.o
                0x000000001781ea74                fuse_sense
 .text.fuse_prog
                0x000000001781eb08       0x88 drivers/built-in.o
                0x000000001781eb08                fuse_prog
 .text.fuse_override
                0x000000001781eb90       0x78 drivers/built-in.o
                0x000000001781eb90                fuse_override
 .text.dfu_write_buffer_drain
                0x000000001781ec08       0xa8 drivers/built-in.o
 .text.dfu_free_buf
                0x000000001781ecb0       0x20 drivers/built-in.o
                0x000000001781ecb0                dfu_free_buf
 .text.dfu_get_buf_size
                0x000000001781ecd0       0x10 drivers/built-in.o
                0x000000001781ecd0                dfu_get_buf_size
 .text.dfu_get_buf
                0x000000001781ece0       0xb8 drivers/built-in.o
                0x000000001781ece0                dfu_get_buf
 .text.dfu_write_transaction_cleanup
                0x000000001781ed98       0x44 drivers/built-in.o
                0x000000001781ed98                dfu_write_transaction_cleanup
 .text.dfu_flush
                0x000000001781eddc       0x64 drivers/built-in.o
                0x000000001781eddc                dfu_flush
 .text.dfu_write
                0x000000001781ee40      0x184 drivers/built-in.o
                0x000000001781ee40                dfu_write
 .text.dfu_read
                0x000000001781efc4      0x26c drivers/built-in.o
                0x000000001781efc4                dfu_read
 .text.dfu_free_entities
                0x000000001781f230       0x9c drivers/built-in.o
                0x000000001781f230                dfu_free_entities
 .text.dfu_config_entities
                0x000000001781f2cc      0x278 drivers/built-in.o
                0x000000001781f2cc                dfu_config_entities
 .text.dfu_init_env_entities
                0x000000001781f544       0x90 drivers/built-in.o
                0x000000001781f544                dfu_init_env_entities
 .text.dfu_get_dev_type
                0x000000001781f5d4       0x3c drivers/built-in.o
                0x000000001781f5d4                dfu_get_dev_type
 .text.dfu_get_layout
                0x000000001781f610       0x3c drivers/built-in.o
                0x000000001781f610                dfu_get_layout
 .text.dfu_show_entities
                0x000000001781f64c       0x74 drivers/built-in.o
                0x000000001781f64c                dfu_show_entities
 .text.dfu_get_alt_number
                0x000000001781f6c0       0x10 drivers/built-in.o
                0x000000001781f6c0                dfu_get_alt_number
 .text.dfu_get_entity
                0x000000001781f6d0       0x40 drivers/built-in.o
                0x000000001781f6d0                dfu_get_entity
 .text.mmc_block_op
                0x000000001781f710      0x1e0 drivers/built-in.o
 .text.mmc_file_op
                0x000000001781f8f0      0x19c drivers/built-in.o
 .text.dfu_free_entity_mmc
                0x000000001781fa8c       0x28 drivers/built-in.o
                0x000000001781fa8c                dfu_free_entity_mmc
 .text.dfu_write_medium_mmc
                0x000000001781fab4       0xb8 drivers/built-in.o
                0x000000001781fab4                dfu_write_medium_mmc
 .text.dfu_flush_medium_mmc
                0x000000001781fb6c       0x48 drivers/built-in.o
                0x000000001781fb6c                dfu_flush_medium_mmc
 .text.dfu_get_medium_size_mmc
                0x000000001781fbb4       0x90 drivers/built-in.o
                0x000000001781fbb4                dfu_get_medium_size_mmc
 .text.dfu_read_medium_mmc
                0x000000001781fc44       0xe4 drivers/built-in.o
                0x000000001781fc44                dfu_read_medium_mmc
 .text.dfu_fill_entity_mmc
                0x000000001781fd28      0x320 drivers/built-in.o
                0x000000001781fd28                dfu_fill_entity_mmc
 .text.dfu_get_medium_size_sf
                0x0000000017820048        0x8 drivers/built-in.o
 .text.dfu_read_medium_sf
                0x0000000017820050       0x28 drivers/built-in.o
 .text.dfu_flush_medium_sf
                0x0000000017820078        0x8 drivers/built-in.o
 .text.dfu_polltimeout_sf
                0x0000000017820080        0x8 drivers/built-in.o
 .text.dfu_free_entity_sf
                0x0000000017820088        0x8 drivers/built-in.o
 .text.dfu_write_medium_sf
                0x0000000017820090       0x98 drivers/built-in.o
 .text.dfu_fill_entity_sf
                0x0000000017820128      0x2f8 drivers/built-in.o
                0x0000000017820128                dfu_fill_entity_sf
 .text.video_drawchars
                0x0000000017820420      0x44c drivers/built-in.o
 .text.draw_bitmap
                0x000000001782086c       0xdc drivers/built-in.o
 .text.console_newline.constprop.2
                0x0000000017820948       0xe0 drivers/built-in.o